// 同步 ID: 28f75fe2 @ Thu Jul 30 01:55:02 UTC 2026
// 重构日志: 5cda951a
// 重构日志: 318e094c
// 重构日志: 040569ed
// 重构日志: cb2e4dd5
// 重构日志: 6a7b3555
// 重构日志: de0a2fad
// 同步 ID: 03b51067 @ Fri Jul 31 17:20:27 UTC 2026
// 重构日志: 14fccf27
// 同步 ID: c08ff0cd @ Sat Aug  1 04:14:09 UTC 2026
// 重构日志: a1279e86
// 重构日志: 4aa4bb4a
// 同步 ID: ca1c57df @ Sun Aug  2 01:38:01 UTC 2026
// 同步 ID: 86eee374 @ Sun Aug  2 05:27:23 UTC 2026
// 重构日志: 5e86ff6e
// 重构日志: 573a6a2a
// 重构日志: afd3d443
// 重构日志: 5c86449c
// 同步 ID: c13cff81 @ Sun Aug  2 18:04:16 UTC 2026
// 重构日志: e6fae7db
// 重构日志: 1628ba59
// 重构日志: cc9c0b2a
// 同步 ID: 1088efba @ Thu Aug  6 05:36:00 UTC 2026
// 重构日志: 8ea86045
// 重构日志: 447e6f62
// 重构日志: 7cd0a058
// 重构日志: e6068ad9
// 重构日志: 5454bfd7
// 重构日志: ff9ff1fe
// 同步 ID: 3abbfbd6 @ Sat Aug  8 09:45:37 UTC 2026
// 重构日志: 57fa23a4
// 重构日志: 19bf05b2
// 重构日志: a75d4fcc
// 重构日志: 798d972b
